// Jest Snapshot v1, https://goo.gl/fbAQLP

exports[`Pruebas en  <HomeScreen /> Debe mostrarse correctamente 1`] = `
<div>
  <h1>
    HomeScreen
  </h1>
  <hr />
  <pre>
    {
   "name": "Ricardo",
   "email": "rchecalla@cmactacna.com.pe"
}
  </pre>
</div>
`;
